# Crafted invalid test files
Testing tests/fixtures/invalid/crafted/bad_align_data_section.bun
=== BUN File Header ===
  Magic: 0x304e5542 (expected 0x304e5542)
  Version: 1.0
  Asset count: 5
  Asset table offset: 60
  String table offset: 300
  String table size: 8
  Data section offset: 308
  Data section size: 5
  Reserved: 0

=== Asset Records ===

Asset 0:
  Name: "hello"
  Name offset: 0, length: 5
  Data offset: 0, size: 4
  Uncompressed size: 0
  Compression: 1 (0=none)
  Type: 0
  Checksum: 0x00000000
  Flags: 0x00000000
  Data: "AAAA"

Asset 1:
  Name: "hello"
  Name offset: 0, length: 5
  Data offset: 0, size: 4
  Uncompressed size: 0
  Compression: 1 (0=none)
  Type: 0
  Checksum: 0x00000000
  Flags: 0x00000000
  Data: "AAAA"

Asset 2:
  Name: "hello"
  Name offset: 0, length: 5
  Data offset: 0, size: 4
  Uncompressed size: 0
  Compression: 1 (0=none)
  Type: 0
  Checksum: 0x00000000
  Flags: 0x00000000
  Data: "AAAA"

Asset 3:
  Name: "hello"
  Name offset: 0, length: 5
  Data offset: 0, size: 4
  Uncompressed size: 0
  Compression: 1 (0=none)
  Type: 0
  Checksum: 0x00000000
  Flags: 0x00000000
  Data: "AAAA"

Asset 4:
  Name: "hello"
  Name offset: 0, length: 5
  Data offset: 0, size: 4
  Uncompressed size: 0
  Compression: 1 (0=none)
  Type: 0
  Checksum: 0x00000000
  Flags: 0x00000000
  Data: "AAAA"

Result: bun_ok
---------------------------
Testing tests/fixtures/invalid/crafted/bad_align_multi_asset.bun
 BUN Malformed (error code: 1)
- Offsets/sizes must be divisible by 4
---------------------------
Testing tests/fixtures/invalid/crafted/bad_align_single_asset.bun
 BUN Malformed (error code: 1)
- Offsets/sizes must be divisible by 4
---------------------------
Testing tests/fixtures/invalid/crafted/partial_invalid_01_partial_string_attack.bun
 BUN Malformed (error code: 1)
- Asset name offset/length outside string table
---------------------------
Testing tests/fixtures/invalid/crafted/partial_invalid_02_truncated_last_name.bun
 BUN Malformed (error code: 1)
- Asset name offset/length outside string table
---------------------------
Testing tests/fixtures/invalid/crafted/partial_invalid_03_oob_name_offset.bun
 BUN Malformed (error code: 1)
- Asset name offset/length outside string table
---------------------------
Testing tests/fixtures/invalid/crafted/partial_invalid_04_invalid_name_length.bun
 BUN Malformed (error code: 1)
- Asset name offset/length outside string table
---------------------------
Testing tests/fixtures/invalid/crafted/partial_invalid_05_invalid_data_offset.bun
 BUN Malformed (error code: 1)
- Asset data offset/size outside data section
---------------------------
Testing tests/fixtures/invalid/crafted/partial_invalid_06_multi_violation.bun
 BUN Malformed (error code: 1)
- Asset name offset/length outside string table
---------------------------
Testing tests/fixtures/invalid/crafted/partial_invalid_07_middle_name_cutoff.bun
 BUN Malformed (error code: 1)
- Asset name offset/length outside string table
---------------------------
Testing tests/fixtures/invalid/crafted/partial_invalid_08_recover_after_bad_asset.bun
 BUN Malformed (error code: 1)
- Asset name offset/length outside string table
---------------------------
Testing tests/fixtures/invalid/crafted/partial_invalid_09_violation_accumulation.bun
 BUN Malformed (error code: 1)
- Asset name offset/length outside string table
---------------------------
Testing tests/fixtures/invalid/crafted/rle_bad_uncompressed.bun
=== BUN File Header ===
  Magic: 0x304e5542 (expected 0x304e5542)
  Version: 1.0
  Asset count: 1
  Asset table offset: 60
  String table offset: 108
  String table size: 8
  Data section offset: 116
  Data section size: 4
  Reserved: 0

=== Asset Records ===

Asset 0:
  Name: "hello"
  Name offset: 0, length: 5
  Data offset: 0, size: 4
  Uncompressed size: 10
  Compression: 1 (0=none)
  Type: 0
  Checksum: 0x00000000
  Flags: 0x00000000
  Data: "AAAA"

Result: bun_ok
---------------------------
Testing tests/fixtures/invalid/crafted/uncompressed_bad_size.bun
=== BUN File Header ===
  Magic: 0x304e5542 (expected 0x304e5542)
  Version: 1.0
  Asset count: 1
  Asset table offset: 60
  String table offset: 108
  String table size: 8
  Data section offset: 116
  Data section size: 12
  Reserved: 0

=== Asset Records ===

Asset 0:
  Name: "hello"
  Name offset: 0, length: 5
  Data offset: 0, size: 11
  Uncompressed size: 9999
  Compression: 0 (0=none)
  Type: 0
  Checksum: 0x00000000
  Flags: 0x00000000
  Data: "Hello, BUN!"

Result: bun_ok
---------------------------
